10-01 12:10:37.985  4097 13763 W RcsClientLib: 	at java.util.concurrent.ThreadPoolExecutor$Worker.run(ThreadPoolExecutor.java:644)
10-01 12:10:37.985  4097 13763 W RcsClientLib: 	at dtiw.run(PG:6)
10-01 12:10:37.985  4097 13763 W RcsClientLib: 	at java.lang.Thread.run(Thread.java:1012)
10-01 12:10:37.985  4097 13763 W RcsClientLib: 	at dtkq.run(PG:63)
10-01 12:10:37.986  4097 13763 W BugleRcs: disconnecting from all Rcs Services
10-01 12:10:37.987  4097 13763 I BugleRcsEngine: JibeService stopped: false [CONTEXT thread_id=194 ]
10-01 12:10:37.999  4097 13763 W RcsClientLib: Service is deprecated skipping connection attempt: EventService
10-01 12:10:38.000  4097 13763 W RcsClientLib: Service is deprecated skipping connection attempt: ContactsService
10-01 12:10:38.000  4097 13763 W RcsClientLib: Service is deprecated skipping connection attempt: FileTransferService
10-01 12:10:38.001  4097 13763 W RcsClientLib: Service is deprecated skipping connection attempt: LocationSharingService
10-01 12:10:38.001  4097 13763 W RcsClientLib: Service is deprecated skipping connection attempt: ImsConnectionTrackerService
10-01 12:10:38.002  4097 13763 W RcsClientLib: Service is deprecated skipping connection attempt: RcsProfileService
10-01 12:10:38.002  4097 13763 W RcsClientLib: Service is deprecated skipping connection attempt: RcsMessagingService
10-01 12:10:38.003  4097 13763 I BugleRcs: connecting to 7 Rcs Services
10-01 12:10:38.013  4097 13763 I RcsProvisioning: Failed to read config: no config found /data/user/0/com.google.android.apps.messaging/files/rcsconfig: open failed: ENOENT (No such file or directory)
10-01 12:10:38.019  3029 15521 I SyncManager: (REDACTED) Executing sync(type=%s) finished in %s
10-01 12:10:38.024 15261 15289 W PackageParser: Unknown element under <application>: property at /data/user/0/com.xiaomi.discover/files/market.apk Binary XML file line #134
10-01 12:10:38.024 14344 14385 I Finsky  : [94] UCtl: For package com.google.android.resolv, first update discovery timestamp is set to 2025-03-14T07:20:50.223278Z
10-01 12:10:38.026 15261 15289 W PackageParser: Unknown element under <application>: property at /data/user/0/com.xiaomi.discover/files/market.apk Binary XML file line #770
10-01 12:10:38.037 15261 15289 I SystemUpdate-SelfUpdateService: start install
10-01 12:10:38.039  3356  3821 E FileUtils: err open mi_exception_log errno=2
10-01 12:10:38.039 15261 15289 I SystemUpdate-LocalAppManager: load local apps from system : begin
10-01 12:10:38.039  3356  3821 E FileUtils: err write to mi_exception_log
10-01 12:10:38.041  1515  1726 I SmartPower.com.android.chrome/10203(13043): idle->background(36601ms) R(broadcast start Intent { act=com.google.android.partnersetup.action.CONFIGURATION_UPDATE flg=0x1000010 pkg=com.android.chrome cmp=com.android.chrome/com.google.android.apps.chrome.rlz.RevenueStatsConfigurationUpdateReceiver (has extras) }) adj=0.
10-01 12:10:38.042  1515  2035 I SmartPower: com.android.chrome/10203 state=hibernation adj=0 proc size=1 move to background broadcast start Intent { act=com.google.android.partnersetup.action.CONFIGURATION_UPDATE flg=0x1000010 pkg=com.android.chrome cmp=com.android.chrome/com.google.android.apps.chrome.rlz.RevenueStatsConfigurationUpdateReceiver (has extras) }
10-01 12:10:38.042  1515  2035 I SmartPower: com.android.chrome/10203 state=background adj=0 proc size=1 move to inactive broadcast start Intent { act=com.google.android.partnersetup.action.CONFIGURATION_UPDATE flg=0x1000010 pkg=com.android.chrome cmp=com.android.chrome/com.google.android.apps.chrome.rlz.RevenueStatsConfigurationUpdateReceiver (has extras) }
10-01 12:10:38.042 14344 14348 W android.vending: Suspending all threads took: 11.987ms
10-01 12:10:38.047  1515  1971 I MiuiNetworkPolicy: updateUidState uid = 10203, uidState = 11
10-01 12:10:38.053 14344 14388 I Finsky  : [98] UCtl: For package com.google.android.apps.photos, first update discovery timestamp is set to 2025-10-01T09:08:34.451806Z
10-01 12:10:38.054 14344 14376 I Finsky  : [89] UCtl: For package com.android.chrome, first update discovery timestamp is set to 2025-10-01T09:08:34.451806Z
10-01 12:10:38.058  1515  1971 I MiuiNetworkPolicy: updateUidState uid = 10203, uidState = 19
10-01 12:10:38.072  1515  1543 D AlarmManagerService: inside native alarm timerfd set Alarm Type = 2
10-01 12:10:38.072  1515  1543 D AlarmManagerService: inside native alarm timerfd set Alarm Type = 3
10-01 12:10:38.093  1515  3423 D AlarmManagerService: inside native alarm timerfd set Alarm Type = 2
10-01 12:10:38.093  1515  3423 D AlarmManagerService: inside native alarm timerfd set Alarm Type = 3
10-01 12:10:38.111 14344 14388 I Finsky  : [98] UCtl: For package com.google.android.apps.safetyhub, first update discovery timestamp is set to 2025-10-01T09:08:34.451806Z
10-01 12:10:38.113  2426  8923 E FileUtils: err open mi_exception_log errno=2
10-01 12:10:38.114  2426  8923 E FileUtils: err write to mi_exception_log
10-01 12:10:38.122 15261 15289 I SystemUpdate-LocalAppManager: load local apps from system : finish
10-01 12:10:38.124 14344 14385 I Finsky  : [94] UCtl: For package com.google.android.adbd, first update discovery timestamp is set to 2025-03-14T07:20:50.223278Z
10-01 12:10:38.126 15261 15289 W PackageParser: Unknown element under <application>: property at /data/user/0/com.xiaomi.discover/files/market.apk Binary XML file line #134
10-01 12:10:38.128 15261 15289 W PackageParser: Unknown element under <application>: property at /data/user/0/com.xiaomi.discover/files/market.apk Binary XML file line #770
10-01 12:10:38.135  4097 13763 I BugleRcsEngine: Deleted transfers file: false [CONTEXT thread_id=194 ]
10-01 12:10:38.139  4097 13763 I RcsProvisioning: Failed to read config: no config found /data/user/0/com.google.android.apps.messaging/files/rcsconfig: open failed: ENOENT (No such file or directory)
10-01 12:10:38.145  1515  3423 I InstallationTiming: beginInstall_sessionId: 1768191263
10-01 12:10:38.145 15261 15289 I SystemUpdate-SessionInstaller: [Download/Install] create sessionId=1768191263 for com.xiaomi.discover
10-01 12:10:38.146  1515  1543 I PowerHalWrapper: <setInstallationBoost> enable:true 
10-01 12:10:38.146   911   925 I libPowerHal: [perfUserGetCapability] MTKPOWER_CMD_GET_INSTALL_MAX_DURATION cmd:110, time:90000 ms
10-01 12:10:38.146   911   925 I libPowerHal: [perfUserGetCapability] MTKPOWER_CMD_GET_INSTALL_MAX_DURATION cmd:110, time:90000 ms
10-01 12:10:38.148   911   996 I libPowerHal: [perfLockAcq] idx:1 hdl:348 hint:29 pid:911 duration:90000 lock_user:mtkpower@1.0-se => ret_hdl:348
10-01 12:10:38.148 14344 14388 I Finsky  : [98] UCtl: For package com.google.android.youtube, first update discovery timestamp is set to 2025-10-01T09:08:34.451806Z
10-01 12:10:38.151   911   996 I libPowerHal: [perfLockRel] hdl:347, idx:0
10-01 12:10:38.155 15261 15289 I SystemUpdate-SessionInstaller: [Download/Install] install sessionId=1768191263 with [offsetBytes=0,splitBytes=15472191,apkPath=/data/user/0/com.xiaomi.discover/files/market.apk]
10-01 12:10:38.158 14344 15524 I android.vending: WaitForGcToComplete blocked ClassLinker on Background for 313.720ms
10-01 12:10:38.159  1515  3423 D AlarmManagerService: inside native alarm timerfd set Alarm Type = 2
10-01 12:10:38.159  1515  3423 D AlarmManagerService: inside native alarm timerfd set Alarm Type = 3
10-01 12:10:38.159 14344 15524 I DynamiteModule: Considering local module com.google.android.gms.measurement.dynamite:0 and remote module com.google.android.gms.measurement.dynamite:140
10-01 12:10:38.160 14344 15524 I DynamiteModule: Selected remote version of com.google.android.gms.measurement.dynamite, version >= 140
10-01 12:10:38.173  1515  1539 I system_server: Background young concurrent copying GC freed 22MB AllocSpace bytes, 6(112KB) LOS objects, 22% free, 77MB/100MB, paused 115us,928us total 162.835ms
10-01 12:10:38.183 14344 15524 W System  : ClassLoader referenced unknown path: 
10-01 12:10:38.184 14344 15524 D nativeloader: Configuring clns-6 for other apk . target_sdk_version=34, uses_libraries=, library_path=/data/app/~~PZMuPaM5EJ4wotAs_YJTKQ==/com.google.android.gms-hyiax8CVmuEMUhy0K8IpzA==/lib/arm64:/data/app/~~PZMuPaM5EJ4wotAs_YJTKQ==/com.google.android.gms-hyiax8CVmuEMUhy0K8IpzA==/base.apk!/lib/arm64-v8a, permitted_path=/data:/mnt/expand:/data/user/0/com.google.android.gms
10-01 12:10:38.191 14344 14376 I Finsky  : [89] UCtl: For package com.google.android.apps.subscriptions.red, first update discovery timestamp is set to 2025-10-01T09:08:34.451806Z
10-01 12:10:38.191  1515  6724 D AlarmManagerService: inside native alarm timerfd set Alarm Type = 2
10-01 12:10:38.191  1515  6724 D AlarmManagerService: inside native alarm timerfd set Alarm Type = 3
10-01 12:10:38.195  1404  1498 D connsyslogger: data recycle:time out
10-01 12:10:38.195  1404  1498 D connsyslogger: idx=0 Bootup Log: 2 log files! filecount=3 
10-01 12:10:38.211  2426  8923 E FileUtils: err open mi_exception_log errno=2
10-01 12:10:38.211  2426  8923 E FileUtils: err write to mi_exception_log
10-01 12:10:38.225 14344 15524 W android.vending: ClassLoaderContext classpath element checksum mismatch. expected=2558597794, found=817229003 (DLC[];PCL[base.apk*2558597794]{PCL[/system/framework/org.apache.http.legacy.jar*1086658893]#PCL[/system/framework/com.android.media.remotedisplay.jar*3743104114]#PCL[/system/framework/com.android.location.provider.jar*3175360614]#PCL[/system/framework/org.apache.http.legacy.jar*1086658893]} | DLC[];PCL[/data/app/~~GEX_cQKzUXLE9Whb7pOOqg==/com.android.vending-jJw9BICD2eNFuFESRhRkug==/base.apk*817229003]{PCL[/system/framework/org.apache.http.legacy.jar*1086658893]})
10-01 12:10:38.231 14344 14388 I Finsky  : [98] UCtl: For package com.google.android.os.statsd, first update discovery timestamp is set to 2024-09-27T07:52:47.839435Z
10-01 12:10:38.239  3029  3068 W PackageParser: Unknown element under <manifest>: queries at /data/user_de/0/com.google.android.gms/app_chimera/m/000006a8/AdsDynamite.uncompressed.apk Binary XML file line #15
10-01 12:10:38.246 14344 14376 I Finsky  : [89] UCtl: For package com.google.android.conscrypt, first update discovery timestamp is set to 2025-03-14T07:20:50.223278Z
10-01 12:10:38.256 14344 14385 I Finsky  : [94] UCtl: For package com.netflix.mediaclient, first update discovery timestamp is set to 2025-10-01T09:08:34.933925Z
10-01 12:10:38.256 14344 14385 I Finsky  : [94] UCtl: Package com.netflix.mediaclient client staleness timestamp changed from 2025-10-01T09:08:37.709Z to 2025-10-01T09:08:37.709Z, available version changed from 0 to 63444 or in-app update priority changed from 0 to 0, Server update discovery timestamp is changed from 2025-10-01T09:08:34.933925Z to 2025-10-01T09:08:34.933925Z
10-01 12:10:38.284 14344 14376 I Finsky  : [89] UCtl: For package com.google.android.media, first update discovery timestamp is set to 2025-03-14T07:20:50.223278Z
10-01 12:10:38.296  3029  3068 W PackageParser: Unknown element under <manifest>: queries at /data/user_de/0/com.google.android.gms/app_chimera/m/000006aa/dl-AdsFdrDynamite.integ_250505301100000.apk Binary XML file line #15
10-01 12:10:38.303 14344 14388 I Finsky  : [98] UCtl: For package com.google.android.apps.maps, first update discovery timestamp is set to 2025-10-01T09:08:34.451806Z
10-01 12:10:38.314  1515  1722 E FileUtils: err open mi_exception_log errno=2
10-01 12:10:38.318  1515  1722 E FileUtils: err write to mi_exception_log
10-01 12:10:38.322  1515  1971 I MiuiNetworkPolicy: updateUidState uid = 10185, uidState = 10
10-01 12:10:38.325  1515  1971 I MiuiNetworkPolicy: updateUidState uid = 10185, uidState = 19
10-01 12:10:38.328 14344 14376 I Finsky  : [89] UCtl: For package com.google.android.modulemetadata, first update discovery timestamp is set to 2025-03-14T07:20:50.223278Z
10-01 12:10:38.332  1515  1971 I MiuiNetworkPolicy: updateUidState uid = 10093, uidState = 8
10-01 12:10:38.352 14344 14385 I Finsky  : [94] UCtl: For package com.miui.videoplayer, first update discovery timestamp is set to 2025-10-01T09:08:34.876925Z
10-01 12:10:38.352 14344 14385 I Finsky  : [94] UCtl: Package com.miui.videoplayer client staleness timestamp changed from 2025-10-01T09:08:37.766Z to 2025-10-01T09:08:37.766Z, available version changed from 0 to 2025091560 or in-app update priority changed from 0 to 0, Server update discovery timestamp is changed from 2025-10-01T09:08:34.876925Z to 2025-10-01T09:08:34.876925Z
10-01 12:10:38.362  3356  3356 D WM-DelayedWorkTracker: Scheduling work 5e555a70-bbdc-4a26-a708-2047c148ef86
10-01 12:10:38.362  3356  3356 D WM-GreedyScheduler: Starting tracking for 5e555a70-bbdc-4a26-a708-2047c148ef86
10-01 12:10:38.364 15261 15289 I SystemUpdate-SessionInstaller: [Download/Install] session committed with totalBytes=15472191
10-01 12:10:38.366  3356  4034 D WM-ConstraintTracker: BatteryNotLowTracker: initial state = true
10-01 12:10:38.366  3356  4034 D WM-BrdcstRcvrCnstrntTrc: BatteryNotLowTracker: registering receiver
10-01 12:10:45.813  4375  4375 W binder:4375_3: type=1400 audit(0.0:1427): avc: denied { read } for name="u:object_r:system_adbd_prop:s0" dev="tmpfs" ino=1260 scontext=u:r:gmscore_app:s0:c512,c768 tcontext=u:object_r:system_adbd_prop:s0 tclass=file permissive=0 app=com.google.android.gms